// Jest Snapshot v1, https://goo.gl/fbAQLP

exports[`Header should render 1`] = `
<div>
  <header
    aria-label="main header"
    class="bx--header custom-class-name"
  >
    <a
      class="bx--skip-to-content"
      href="skip"
      tabindex="0"
    >
      Skip to main content
    </a>
    <button
      aria-label="Open menu"
      class="bx--header__action bx--header__menu-trigger bx--header__menu-toggle bx--header__menu-toggle__hidden"
      title="Open menu"
      type="button"
    >
      <svg
        aria-hidden="true"
        focusable="false"
        height="20"
        preserveAspectRatio="xMidYMid meet"
        viewBox="0 0 20 20"
        width="20"
        xmlns="http://www.w3.org/2000/svg"
      >
        <path
          d="M2 14.8H18V16H2zM2 11.2H18V12.399999999999999H2zM2 7.6H18V8.799999999999999H2zM2 4H18V5.2H2z"
        />
      </svg>
    </button>
    <a
      class="bx--header__name"
      href="http://localhost:8989"
    >
      <span
        class="bx--header__name--prefix"
      >
        IBM
      </span>
       
      Watson IoT Platform 
    </a>
    <div
      class="bx--header__global"
    >
      <div
        class="bx--header__submenu bx--header-action-btn action-btn__group"
        data-testid="action-btn__group"
      >
        <button
          aria-expanded="false"
          aria-haspopup="menu"
          aria-label="help"
          class="bx--header-action-btn action-btn__trigger bx--header__action"
          title="help"
          type="button"
        >
          <svg
            aria-hidden="true"
            class="bx--header__menu-item bx--header__menu-title"
            description="Icon"
            fill="white"
            focusable="false"
            height="20"
            preserveAspectRatio="xMidYMid meet"
            viewBox="0 0 32 32"
            width="20"
            xmlns="http://www.w3.org/2000/svg"
          >
            <path
              d="M16,2A14,14,0,1,0,30,16,14,14,0,0,0,16,2Zm0,26A12,12,0,1,1,28,16,12,12,0,0,1,16,28Z"
            />
            <circle
              cx="16"
              cy="23.5"
              r="1.5"
            />
            <path
              d="M17,8H15.5A4.49,4.49,0,0,0,11,12.5V13h2v-.5A2.5,2.5,0,0,1,15.5,10H17a2.5,2.5,0,0,1,0,5H15v4.5h2V17a4.5,4.5,0,0,0,0-9Z"
            />
          </svg>
        </button>
        <div
          aria-label="Header Panel"
          class="bx--header-panel action-btn__headerpanel action-btn__headerpanel--closed"
          data-testid="action-btn__panel"
          tabindex="-1"
        >
          <ul
            aria-label="help"
          >
            <li
              class="action-btn__headerpanel-li"
            >
              <a>
                <p>
                  This is a link
                </p>
              </a>
            </li>
            <li
              class="action-btn__headerpanel-li"
            >
              <a>
                <span>
                  JohnDoe@ibm.com
                  <svg
                    aria-hidden="true"
                    description="Icon"
                    fill="white"
                    focusable="false"
                    height="20"
                    preserveAspectRatio="xMidYMid meet"
                    viewBox="0 0 32 32"
                    width="20"
                    xmlns="http://www.w3.org/2000/svg"
                  >
                    <path
                      d="M16,2A14,14,0,1,0,30,16,14,14,0,0,0,16,2ZM10,26.38v-2A3.22,3.22,0,0,1,13,21h6a3.22,3.22,0,0,1,3,3.39v2a11.92,11.92,0,0,1-12,0Zm14-1.46v-.61A5.21,5.21,0,0,0,19,19H13a5.2,5.2,0,0,0-5,5.31s0,0,0,0v.59a12,12,0,1,1,16,0Z"
                    />
                    <path
                      d="M16,7a5,5,0,1,0,5,5A5,5,0,0,0,16,7Zm0,8a3,3,0,1,1,3-3A3,3,0,0,1,16,15Z"
                    />
                  </svg>
                </span>
              </a>
            </li>
          </ul>
        </div>
      </div>
      <div
        class="bx--header__submenu bx--header-action-btn action-btn__group"
        data-testid="action-btn__group"
      >
        <div
          class="bx--header__submenu bx--header-action-btn"
        >
          <a
            aria-expanded="false"
            aria-haspopup="menu"
            aria-label="user"
            class="bx--header__menu-item bx--header__menu-title"
            data-testid="menuitem"
            href=""
            role="menuitem"
            tabindex="0"
          >
            <svg
              aria-hidden="true"
              description="Icon"
              fill="white"
              focusable="false"
              height="20"
              preserveAspectRatio="xMidYMid meet"
              viewBox="0 0 32 32"
              width="20"
              xmlns="http://www.w3.org/2000/svg"
            >
              <path
                d="M16,2A14,14,0,1,0,30,16,14,14,0,0,0,16,2ZM10,26.38v-2A3.22,3.22,0,0,1,13,21h6a3.22,3.22,0,0,1,3,3.39v2a11.92,11.92,0,0,1-12,0Zm14-1.46v-.61A5.21,5.21,0,0,0,19,19H13a5.2,5.2,0,0,0-5,5.31s0,0,0,0v.59a12,12,0,1,1,16,0Z"
              />
              <path
                d="M16,7a5,5,0,1,0,5,5A5,5,0,0,0,16,7Zm0,8a3,3,0,1,1,3-3A3,3,0,0,1,16,15Z"
              />
            </svg>
          </a>
          <ul
            aria-label="user"
            class="bx--header__menu"
            role="menu"
          >
            <li>
              <a
                class="bx--header__menu-item"
                href="http://google.com"
                rel="noopener noreferrer"
                tabindex="0"
                target="_blank"
                title="this is a title"
              >
                <span
                  class="bx--text-truncate--end"
                >
                  this is my message to you
                </span>
              </a>
            </li>
            <li
              class="this"
            >
              <button
                class="bx--header__menu-item"
                tabindex="0"
              >
                <span
                  class="bx--text-truncate--end"
                >
                  <span>
                    JohnDoe@ibm.com
                    <svg
                      aria-hidden="true"
                      description="Icon"
                      fill="white"
                      focusable="false"
                      height="20"
                      preserveAspectRatio="xMidYMid meet"
                      viewBox="0 0 32 32"
                      width="20"
                      xmlns="http://www.w3.org/2000/svg"
                    >
                      <path
                        d="M16,2A14,14,0,1,0,30,16,14,14,0,0,0,16,2ZM10,26.38v-2A3.22,3.22,0,0,1,13,21h6a3.22,3.22,0,0,1,3,3.39v2a11.92,11.92,0,0,1-12,0Zm14-1.46v-.61A5.21,5.21,0,0,0,19,19H13a5.2,5.2,0,0,0-5,5.31s0,0,0,0v.59a12,12,0,1,1,16,0Z"
                      />
                      <path
                        d="M16,7a5,5,0,1,0,5,5A5,5,0,0,0,16,7Zm0,8a3,3,0,1,1,3-3A3,3,0,0,1,16,15Z"
                      />
                    </svg>
                  </span>
                </span>
              </button>
            </li>
          </ul>
        </div>
      </div>
    </div>
  </header>
</div>
`;
