// Jest Snapshot v1, https://goo.gl/fbAQLP

exports[`Header testcases should render 1`] = `
<Header__StyledHeader
  aria-label="main header"
  className="main-header"
>
  <SkipToContent
    href="#main-content"
    tabIndex="0"
  >
    Skip to main content
  </SkipToContent>
  <HeaderMenuButton
    aria-label="Open menu"
    onClick={null}
  />
  <HeaderName
    href="#"
    prefix="IBM"
  >
    platform
  </HeaderName>
  <HeaderGlobalBar>
    <Header__StyledGlobalAction
      aria-label="alerts"
      key="menu-item-alerts-global"
      onClick={[MockFunction]}
    >
      <ForwardRef(Notification20)
        description="Icon"
        fill="white"
      />
    </Header__StyledGlobalAction>
    <ForwardRef
      aria-label="help"
      isMenu={false}
      key="menu-item-help"
      menuLinkName=""
      renderMenuContent={[Function]}
    >
      <ForwardRef(HeaderMenuItem)
        key="menu-item-help0-child"
      >
        <p>
          This is a link
        </p>
      </ForwardRef(HeaderMenuItem)>
      <ForwardRef(HeaderMenuItem)
        key="menu-item-help1-child"
      >
        <Component>
          <span>
            JohnDoe@ibm.com
            <ForwardRef(UserAvatar20)
              description="Icon"
              fill="white"
            />
          </span>
        </Component>
      </ForwardRef(HeaderMenuItem)>
    </ForwardRef>
  </HeaderGlobalBar>
</Header__StyledHeader>
`;
